// Bun Snapshot v1, https://bun.sh/docs/test/snapshots

exports[`Export の Snapshot 除外契約（Issue 14） Active Lounge が進行中（discovering 前）に Export しても、Lounge 由来の語彙は 1 つも含まれない 1`] = `"{"backupSchemaVersion":2,"exportedAt":"2026-07-17T00:10:00.000Z","localPrivateProfile":{"schemaVersion":2,"catalogVersion":"2026-07-17","petName":"こむぎ","petEmoji":"🐾","ownerAlias":"つちのこ","candidateClues":[{"value":"open-source","category":"interest","selectedForPassport":true},{"value":"local-tournament","category":"activity","selectedForPassport":true}],"excludedTopics":[],"languages":["ja"]},"deviceSettings":{"language":"ja","reduceMotion":false,"selectedModelDigest":null,"catalogVersion":"2026-07-17"},"modelVerification":null}"`;

exports[`Export の Snapshot 除外契約（Issue 14） Bridge が確定した retired の直後（Lounge 終了直前）に Export しても、Lounge 由来の語彙は 1 つも含まれない 1`] = `"{"backupSchemaVersion":2,"exportedAt":"2026-07-17T00:10:00.000Z","localPrivateProfile":{"schemaVersion":2,"catalogVersion":"2026-07-17","petName":"こむぎ","petEmoji":"🐾","ownerAlias":"つちのこ","candidateClues":[{"value":"open-source","category":"interest","selectedForPassport":true},{"value":"local-tournament","category":"activity","selectedForPassport":true}],"excludedTopics":[],"languages":["ja"]},"deviceSettings":{"language":"ja","reduceMotion":false,"selectedModelDigest":null,"catalogVersion":"2026-07-17"},"modelVerification":null}"`;

exports[`Export の Snapshot 除外契約（Issue 14） Owner Question の clarifying を経由した Bridge 確定・完全破棄の直後（Lounge 終了直後）に Export しても、Lounge 由来の語彙は 1 つも含まれない 1`] = `"{"backupSchemaVersion":2,"exportedAt":"2026-07-17T00:10:00.000Z","localPrivateProfile":{"schemaVersion":2,"catalogVersion":"2026-07-17","petName":"こむぎ","petEmoji":"🐾","ownerAlias":"つちのこ","candidateClues":[{"value":"open-source","category":"interest","selectedForPassport":true},{"value":"local-tournament","category":"activity","selectedForPassport":true}],"excludedTopics":[],"languages":["ja"]},"deviceSettings":{"language":"ja","reduceMotion":false,"selectedModelDigest":null,"catalogVersion":"2026-07-17"},"modelVerification":null}"`;
